Device: cuda

dataset             GCN   shuf    MLP   genuine      t  sig(shuf-MLP)  group
----------------------------------------------------------------------------------
Downloading https://github.com/kimiyoung/planetoid/raw/master/data/ind.cora.x
Downloading https://github.com/kimiyoung/planetoid/raw/master/data/ind.cora.tx
Downloading https://github.com/kimiyoung/planetoid/raw/master/data/ind.cora.allx
Downloading https://github.com/kimiyoung/planetoid/raw/master/data/ind.cora.y
Downloading https://github.com/kimiyoung/planetoid/raw/master/data/ind.cora.ty
Downloading https://github.com/kimiyoung/planetoid/raw/master/data/ind.cora.ally
Downloading https://github.com/kimiyoung/planetoid/raw/master/data/ind.cora.graph
Downloading https://github.com/kimiyoung/planetoid/raw/master/data/ind.cora.test.index
Processing...
Done!
Cora              0.880  0.376  0.756    +0.504   71.8         -0.380  homoph
Downloading https://github.com/kimiyoung/planetoid/raw/master/data/ind.citeseer.x
Downloading https://github.com/kimiyoung/planetoid/raw/master/data/ind.citeseer.tx
Downloading https://github.com/kimiyoung/planetoid/raw/master/data/ind.citeseer.allx
Downloading https://github.com/kimiyoung/planetoid/raw/master/data/ind.citeseer.y
Downloading https://github.com/kimiyoung/planetoid/raw/master/data/ind.citeseer.ty
Downloading https://github.com/kimiyoung/planetoid/raw/master/data/ind.citeseer.ally
Downloading https://github.com/kimiyoung/planetoid/raw/master/data/ind.citeseer.graph
Downloading https://github.com/kimiyoung/planetoid/raw/master/data/ind.citeseer.test.index
Processing...
Done!
Citeseer          0.764  0.378  0.727    +0.386   73.3         -0.349  homoph
Downloading https://github.com/kimiyoung/planetoid/raw/master/data/ind.pubmed.x
Downloading https://github.com/kimiyoung/planetoid/raw/master/data/ind.pubmed.tx
Downloading https://github.com/kimiyoung/planetoid/raw/master/data/ind.pubmed.allx
Downloading https://github.com/kimiyoung/planetoid/raw/master/data/ind.pubmed.y
Downloading https://github.com/kimiyoung/planetoid/raw/master/data/ind.pubmed.ty
Downloading https://github.com/kimiyoung/planetoid/raw/master/data/ind.pubmed.ally
Downloading https://github.com/kimiyoung/planetoid/raw/master/data/ind.pubmed.graph
Downloading https://github.com/kimiyoung/planetoid/raw/master/data/ind.pubmed.test.index
Processing...
Done!
Pubmed            0.876  0.716  0.876    +0.160   61.0         -0.160  homoph
Downloading https://github.com/shchur/gnn-benchmark/raw/master/data/npz/amazon_electronics_photo.npz
Processing...
Done!
Photo             0.936  0.344  0.915    +0.592  143.3         -0.571  homoph
Downloading https://github.com/shchur/gnn-benchmark/raw/master/data/npz/amazon_electronics_computers.npz
Processing...
Done!
Computers         0.896  0.399  0.828    +0.497  122.0         -0.428  homoph
Downloading https://github.com/shchur/gnn-benchmark/raw/master/data/npz/ms_academic_cs.npz
Processing...
Done!
CS                0.937  0.449  0.942    +0.488  182.8         -0.493  homoph
Downloading https://github.com/shchur/gnn-benchmark/raw/master/data/npz/ms_academic_phy.npz
Processing...
Done!
Physics           0.964  0.591  0.959    +0.373  207.3         -0.368  homoph
/home/francesco/jusdefv2/jusdefv2/.venv/lib/python3.10/site-packages/torch_geometric/datasets/wikics.py:38: UserWarning: The WikiCS dataset now returns an undirected graph by default. Please explicitly specify 'is_undirected=False' to restore the old behavior.
  warnings.warn(
Downloading https://github.com/pmernyei/wiki-cs-dataset/raw/master/dataset/data.json
Processing...
Done!
WikiCS            0.815  0.389  0.797    +0.426  120.6         -0.408  homoph
Downloading https://raw.githubusercontent.com/graphdml-uiuc-jlu/geom-gcn/f1fc0d14b3b019c562737240d06ec83b07d16a8f/new_data/chameleon/out1_node_feature_label.txt
Downloading https://raw.githubusercontent.com/graphdml-uiuc-jlu/geom-gcn/f1fc0d14b3b019c562737240d06ec83b07d16a8f/new_data/chameleon/out1_graph_edges.txt
Downloading https://raw.githubusercontent.com/graphdml-uiuc-jlu/geom-gcn/f1fc0d14b3b019c562737240d06ec83b07d16a8f/splits/chameleon_split_0.6_0.2_0.npz
Downloading https://raw.githubusercontent.com/graphdml-uiuc-jlu/geom-gcn/f1fc0d14b3b019c562737240d06ec83b07d16a8f/splits/chameleon_split_0.6_0.2_1.npz
Downloading https://raw.githubusercontent.com/graphdml-uiuc-jlu/geom-gcn/f1fc0d14b3b019c562737240d06ec83b07d16a8f/splits/chameleon_split_0.6_0.2_2.npz
Downloading https://raw.githubusercontent.com/graphdml-uiuc-jlu/geom-gcn/f1fc0d14b3b019c562737240d06ec83b07d16a8f/splits/chameleon_split_0.6_0.2_3.npz
Downloading https://raw.githubusercontent.com/graphdml-uiuc-jlu/geom-gcn/f1fc0d14b3b019c562737240d06ec83b07d16a8f/splits/chameleon_split_0.6_0.2_4.npz
Downloading https://raw.githubusercontent.com/graphdml-uiuc-jlu/geom-gcn/f1fc0d14b3b019c562737240d06ec83b07d16a8f/splits/chameleon_split_0.6_0.2_5.npz
Downloading https://raw.githubusercontent.com/graphdml-uiuc-jlu/geom-gcn/f1fc0d14b3b019c562737240d06ec83b07d16a8f/splits/chameleon_split_0.6_0.2_6.npz
Downloading https://raw.githubusercontent.com/graphdml-uiuc-jlu/geom-gcn/f1fc0d14b3b019c562737240d06ec83b07d16a8f/splits/chameleon_split_0.6_0.2_7.npz
Downloading https://raw.githubusercontent.com/graphdml-uiuc-jlu/geom-gcn/f1fc0d14b3b019c562737240d06ec83b07d16a8f/splits/chameleon_split_0.6_0.2_8.npz
Downloading https://raw.githubusercontent.com/graphdml-uiuc-jlu/geom-gcn/f1fc0d14b3b019c562737240d06ec83b07d16a8f/splits/chameleon_split_0.6_0.2_9.npz
Processing...
Done!
Chameleon         0.373  0.317  0.508    +0.056    6.5         -0.191  hetero
Downloading https://raw.githubusercontent.com/graphdml-uiuc-jlu/geom-gcn/f1fc0d14b3b019c562737240d06ec83b07d16a8f/new_data/squirrel/out1_node_feature_label.txt
Downloading https://raw.githubusercontent.com/graphdml-uiuc-jlu/geom-gcn/f1fc0d14b3b019c562737240d06ec83b07d16a8f/new_data/squirrel/out1_graph_edges.txt
Downloading https://raw.githubusercontent.com/graphdml-uiuc-jlu/geom-gcn/f1fc0d14b3b019c562737240d06ec83b07d16a8f/splits/squirrel_split_0.6_0.2_0.npz
Downloading https://raw.githubusercontent.com/graphdml-uiuc-jlu/geom-gcn/f1fc0d14b3b019c562737240d06ec83b07d16a8f/splits/squirrel_split_0.6_0.2_1.npz
Downloading https://raw.githubusercontent.com/graphdml-uiuc-jlu/geom-gcn/f1fc0d14b3b019c562737240d06ec83b07d16a8f/splits/squirrel_split_0.6_0.2_2.npz
Downloading https://raw.githubusercontent.com/graphdml-uiuc-jlu/geom-gcn/f1fc0d14b3b019c562737240d06ec83b07d16a8f/splits/squirrel_split_0.6_0.2_3.npz
Downloading https://raw.githubusercontent.com/graphdml-uiuc-jlu/geom-gcn/f1fc0d14b3b019c562737240d06ec83b07d16a8f/splits/squirrel_split_0.6_0.2_4.npz
Downloading https://raw.githubusercontent.com/graphdml-uiuc-jlu/geom-gcn/f1fc0d14b3b019c562737240d06ec83b07d16a8f/splits/squirrel_split_0.6_0.2_5.npz
Downloading https://raw.githubusercontent.com/graphdml-uiuc-jlu/geom-gcn/f1fc0d14b3b019c562737240d06ec83b07d16a8f/splits/squirrel_split_0.6_0.2_6.npz
Downloading https://raw.githubusercontent.com/graphdml-uiuc-jlu/geom-gcn/f1fc0d14b3b019c562737240d06ec83b07d16a8f/splits/squirrel_split_0.6_0.2_7.npz
Downloading https://raw.githubusercontent.com/graphdml-uiuc-jlu/geom-gcn/f1fc0d14b3b019c562737240d06ec83b07d16a8f/splits/squirrel_split_0.6_0.2_8.npz
Downloading https://raw.githubusercontent.com/graphdml-uiuc-jlu/geom-gcn/f1fc0d14b3b019c562737240d06ec83b07d16a8f/splits/squirrel_split_0.6_0.2_9.npz
Processing...
Done!
Squirrel          0.265  0.252  0.339    +0.013    2.0         -0.088  hetero
Downloading https://raw.githubusercontent.com/graphdml-uiuc-jlu/geom-gcn/master/new_data/film/out1_node_feature_label.txt
Downloading https://raw.githubusercontent.com/graphdml-uiuc-jlu/geom-gcn/master/new_data/film/out1_graph_edges.txt
Downloading https://raw.githubusercontent.com/graphdml-uiuc-jlu/geom-gcn/master/splits/film_split_0.6_0.2_0.npz
Downloading https://raw.githubusercontent.com/graphdml-uiuc-jlu/geom-gcn/master/splits/film_split_0.6_0.2_1.npz
Downloading https://raw.githubusercontent.com/graphdml-uiuc-jlu/geom-gcn/master/splits/film_split_0.6_0.2_2.npz
Downloading https://raw.githubusercontent.com/graphdml-uiuc-jlu/geom-gcn/master/splits/film_split_0.6_0.2_3.npz
Downloading https://raw.githubusercontent.com/graphdml-uiuc-jlu/geom-gcn/master/splits/film_split_0.6_0.2_4.npz
Downloading https://raw.githubusercontent.com/graphdml-uiuc-jlu/geom-gcn/master/splits/film_split_0.6_0.2_5.npz
Downloading https://raw.githubusercontent.com/graphdml-uiuc-jlu/geom-gcn/master/splits/film_split_0.6_0.2_6.npz
Downloading https://raw.githubusercontent.com/graphdml-uiuc-jlu/geom-gcn/master/splits/film_split_0.6_0.2_7.npz
Downloading https://raw.githubusercontent.com/graphdml-uiuc-jlu/geom-gcn/master/splits/film_split_0.6_0.2_8.npz
Downloading https://raw.githubusercontent.com/graphdml-uiuc-jlu/geom-gcn/master/splits/film_split_0.6_0.2_9.npz
Processing...
Done!
Actor             0.288  0.289  0.359    -0.001   -0.2         -0.070  hetero
Downloading https://raw.githubusercontent.com/graphdml-uiuc-jlu/geom-gcn/master/new_data/cornell/out1_node_feature_label.txt
Downloading https://raw.githubusercontent.com/graphdml-uiuc-jlu/geom-gcn/master/new_data/cornell/out1_graph_edges.txt
Downloading https://raw.githubusercontent.com/graphdml-uiuc-jlu/geom-gcn/master/splits/cornell_split_0.6_0.2_0.npz
Downloading https://raw.githubusercontent.com/graphdml-uiuc-jlu/geom-gcn/master/splits/cornell_split_0.6_0.2_1.npz
Downloading https://raw.githubusercontent.com/graphdml-uiuc-jlu/geom-gcn/master/splits/cornell_split_0.6_0.2_2.npz
Downloading https://raw.githubusercontent.com/graphdml-uiuc-jlu/geom-gcn/master/splits/cornell_split_0.6_0.2_3.npz
Downloading https://raw.githubusercontent.com/graphdml-uiuc-jlu/geom-gcn/master/splits/cornell_split_0.6_0.2_4.npz
Downloading https://raw.githubusercontent.com/graphdml-uiuc-jlu/geom-gcn/master/splits/cornell_split_0.6_0.2_5.npz
Downloading https://raw.githubusercontent.com/graphdml-uiuc-jlu/geom-gcn/master/splits/cornell_split_0.6_0.2_6.npz
Downloading https://raw.githubusercontent.com/graphdml-uiuc-jlu/geom-gcn/master/splits/cornell_split_0.6_0.2_7.npz
Downloading https://raw.githubusercontent.com/graphdml-uiuc-jlu/geom-gcn/master/splits/cornell_split_0.6_0.2_8.npz
Downloading https://raw.githubusercontent.com/graphdml-uiuc-jlu/geom-gcn/master/splits/cornell_split_0.6_0.2_9.npz
Processing...
Done!
Cornell           0.492  0.455  0.805    +0.037    1.3         -0.350  hetero
Downloading https://raw.githubusercontent.com/graphdml-uiuc-jlu/geom-gcn/master/new_data/texas/out1_node_feature_label.txt
Downloading https://raw.githubusercontent.com/graphdml-uiuc-jlu/geom-gcn/master/new_data/texas/out1_graph_edges.txt
Downloading https://raw.githubusercontent.com/graphdml-uiuc-jlu/geom-gcn/master/splits/texas_split_0.6_0.2_0.npz
Downloading https://raw.githubusercontent.com/graphdml-uiuc-jlu/geom-gcn/master/splits/texas_split_0.6_0.2_1.npz
Downloading https://raw.githubusercontent.com/graphdml-uiuc-jlu/geom-gcn/master/splits/texas_split_0.6_0.2_2.npz
Downloading https://raw.githubusercontent.com/graphdml-uiuc-jlu/geom-gcn/master/splits/texas_split_0.6_0.2_3.npz
Downloading https://raw.githubusercontent.com/graphdml-uiuc-jlu/geom-gcn/master/splits/texas_split_0.6_0.2_4.npz
Downloading https://raw.githubusercontent.com/graphdml-uiuc-jlu/geom-gcn/master/splits/texas_split_0.6_0.2_5.npz
Downloading https://raw.githubusercontent.com/graphdml-uiuc-jlu/geom-gcn/master/splits/texas_split_0.6_0.2_6.npz
Downloading https://raw.githubusercontent.com/graphdml-uiuc-jlu/geom-gcn/master/splits/texas_split_0.6_0.2_7.npz
Downloading https://raw.githubusercontent.com/graphdml-uiuc-jlu/geom-gcn/master/splits/texas_split_0.6_0.2_8.npz
Downloading https://raw.githubusercontent.com/graphdml-uiuc-jlu/geom-gcn/master/splits/texas_split_0.6_0.2_9.npz
Processing...
Done!
Texas             0.521  0.547  0.826    -0.026   -0.9         -0.279  hetero
Downloading https://raw.githubusercontent.com/graphdml-uiuc-jlu/geom-gcn/master/new_data/wisconsin/out1_node_feature_label.txt
Downloading https://raw.githubusercontent.com/graphdml-uiuc-jlu/geom-gcn/master/new_data/wisconsin/out1_graph_edges.txt
Downloading https://raw.githubusercontent.com/graphdml-uiuc-jlu/geom-gcn/master/splits/wisconsin_split_0.6_0.2_0.npz
Downloading https://raw.githubusercontent.com/graphdml-uiuc-jlu/geom-gcn/master/splits/wisconsin_split_0.6_0.2_1.npz
Downloading https://raw.githubusercontent.com/graphdml-uiuc-jlu/geom-gcn/master/splits/wisconsin_split_0.6_0.2_2.npz
Downloading https://raw.githubusercontent.com/graphdml-uiuc-jlu/geom-gcn/master/splits/wisconsin_split_0.6_0.2_3.npz
Downloading https://raw.githubusercontent.com/graphdml-uiuc-jlu/geom-gcn/master/splits/wisconsin_split_0.6_0.2_4.npz
Downloading https://raw.githubusercontent.com/graphdml-uiuc-jlu/geom-gcn/master/splits/wisconsin_split_0.6_0.2_5.npz
Downloading https://raw.githubusercontent.com/graphdml-uiuc-jlu/geom-gcn/master/splits/wisconsin_split_0.6_0.2_6.npz
Downloading https://raw.githubusercontent.com/graphdml-uiuc-jlu/geom-gcn/master/splits/wisconsin_split_0.6_0.2_7.npz
Downloading https://raw.githubusercontent.com/graphdml-uiuc-jlu/geom-gcn/master/splits/wisconsin_split_0.6_0.2_8.npz
Downloading https://raw.githubusercontent.com/graphdml-uiuc-jlu/geom-gcn/master/splits/wisconsin_split_0.6_0.2_9.npz
Processing...
Done!
Wisconsin         0.494  0.494  0.878    +0.000    0.0         -0.384  hetero
Downloading https://github.com/yandex-research/heterophilous-graphs/raw/main/data/roman_empire.npz
Processing...
Done!
Roman-empire      0.424  0.238  0.657    +0.185   57.8         -0.419  hetero
Downloading https://github.com/yandex-research/heterophilous-graphs/raw/main/data/amazon_ratings.npz
Processing...
Done!
Amazon-ratings    0.428  0.368  0.404    +0.060   29.4         -0.036  hetero
Downloading https://github.com/yandex-research/heterophilous-graphs/raw/main/data/minesweeper.npz
Processing...
Done!
Minesweeper       0.797  0.798  0.798    -0.000   -1.3         +0.000  hetero

Expected: homophilous graphs show LARGE genuine structure (true-shuf); heterophilous graphs show SMALL/near-zero genuine effect, placing them on the same spectrum as legal operators (mostly inductive bias).
