Device: cuda | Seed: 43
Loading LEDGAR via lex_glue...
  train: 60000, val: 10000, test: 10000
Loading tokenizer + model roberta-base...
/home/francesco/jusdefv2/jusdefv2/.venv/lib/python3.10/site-packages/huggingface_hub/file_download.py:949: FutureWarning: `resume_download` is deprecated and will be removed in version 1.0.0. Downloads always resume when possible. If you want to force a new download, use `force_download=True`.
  warnings.warn(
Some weights of the model checkpoint at roberta-base were not used when initializing RobertaForSequenceClassification: ['lm_head.layer_norm.weight', 'lm_head.dense.bias', 'lm_head.dense.weight', 'lm_head.bias', 'lm_head.layer_norm.bias']
- This IS expected if you are initializing RobertaForSequenceClassification from the checkpoint of a model trained on another task or with another architecture (e.g. initializing a BertForSequenceClassification model from a BertForPreTraining model).
- This IS NOT expected if you are initializing RobertaForSequenceClassification from the checkpoint of a model that you expect to be exactly identical (initializing a BertForSequenceClassification model from a BertForSequenceClassification model).
Some weights of RobertaForSequenceClassification were not initialized from the model checkpoint at roberta-base and are newly initialized: ['classifier.dense.weight', 'classifier.out_proj.weight', 'classifier.out_proj.bias', 'classifier.dense.bias']
You should probably TRAIN this model on a down-stream task to be able to use it for predictions and inference.
  Params: 124,722,532
  Epoch 0 | loss=1.7413 | val_macro=0.6685 | val_micro=0.8077
  Epoch 1 | loss=0.6220 | val_macro=0.7465 | val_micro=0.8445
  Epoch 2 | loss=0.4621 | val_macro=0.7673 | val_micro=0.8536
  Epoch 3 | loss=0.3520 | val_macro=0.7958 | val_micro=0.8649
  Epoch 4 | loss=0.2762 | val_macro=0.7907 | val_micro=0.8682

Loading best checkpoint for test eval...

==================================================
RESULTS: LegalBERT-FT LEDGAR (seed=43)
==================================================
  best_val_macro_f1: 0.7958
  test_macro_f1:     0.7806
  test_micro_f1:     0.8656
