Device: cuda | Seed: 42
Loading LEDGAR via lex_glue...
  train: 60000, val: 10000, test: 10000
Loading tokenizer + model roberta-base...
/home/francesco/jusdefv2/jusdefv2/.venv/lib/python3.10/site-packages/huggingface_hub/file_download.py:949: FutureWarning: `resume_download` is deprecated and will be removed in version 1.0.0. Downloads always resume when possible. If you want to force a new download, use `force_download=True`.
  warnings.warn(
Some weights of the model checkpoint at roberta-base were not used when initializing RobertaForSequenceClassification: ['lm_head.layer_norm.bias', 'lm_head.bias', 'lm_head.dense.bias', 'lm_head.dense.weight', 'lm_head.layer_norm.weight']
- This IS expected if you are initializing RobertaForSequenceClassification from the checkpoint of a model trained on another task or with another architecture (e.g. initializing a BertForSequenceClassification model from a BertForPreTraining model).
- This IS NOT expected if you are initializing RobertaForSequenceClassification from the checkpoint of a model that you expect to be exactly identical (initializing a BertForSequenceClassification model from a BertForSequenceClassification model).
Some weights of RobertaForSequenceClassification were not initialized from the model checkpoint at roberta-base and are newly initialized: ['classifier.out_proj.weight', 'classifier.dense.weight', 'classifier.out_proj.bias', 'classifier.dense.bias']
You should probably TRAIN this model on a down-stream task to be able to use it for predictions and inference.
  Params: 124,722,532
  Epoch 0 | loss=1.7417 | val_macro=0.6787 | val_micro=0.8157
  Epoch 1 | loss=0.6154 | val_macro=0.7520 | val_micro=0.8483
  Epoch 2 | loss=0.4569 | val_macro=0.7656 | val_micro=0.8587
  Epoch 3 | loss=0.3481 | val_macro=0.7907 | val_micro=0.8659
  Epoch 4 | loss=0.2750 | val_macro=0.7974 | val_micro=0.8721

Loading best checkpoint for test eval...

==================================================
RESULTS: LegalBERT-FT LEDGAR (seed=42)
==================================================
  best_val_macro_f1: 0.7974
  test_macro_f1:     0.7982
  test_micro_f1:     0.8699
